// Jest Snapshot v1, https://goo.gl/fbAQLP

exports[`write can write subgraphs with attributes 1`] = `
"digraph {
subgraph root {
foo=bar;
n1
}
n2
n1 -> n2 [foo=baz]
}
"
`;

exports[`write can write subgraphs with attributes and intendation 1`] = `
"digraph {
   subgraph root {
      foo=bar;
      n1
   }
   n2
   n1 -> n2 [foo=baz]
}
"
`;
